1+0 records in
1+0 records out
2048 bytes (2.0 kB, 2.0 KiB) copied, 6.4274e-05 s, 31.9 MB/s
1+0 records in
1+0 records out
2097152 bytes (2.1 MB, 2.0 MiB) copied, 0.00906859 s, 231 MB/s
1+0 records in
1+0 records out
2048 bytes (2.0 kB, 2.0 KiB) copied, 4.1431e-05 s, 49.4 MB/s
1+0 records in
1+0 records out
2097152 bytes (2.1 MB, 2.0 MiB) copied, 0.00575312 s, 365 MB/s
1+0 records in
1+0 records out
2048 bytes (2.0 kB, 2.0 KiB) copied, 3.8286e-05 s, 53.5 MB/s
1+0 records in
1+0 records out
2097152 bytes (2.1 MB, 2.0 MiB) copied, 0.00776948 s, 270 MB/s
1+0 records in
1+0 records out
2048 bytes (2.0 kB, 2.0 KiB) copied, 4.5927e-05 s, 44.6 MB/s
1+0 records in
1+0 records out
2097152 bytes (2.1 MB, 2.0 MiB) copied, 0.00532861 s, 394 MB/s
1+0 records in
1+0 records out
2048 bytes (2.0 kB, 2.0 KiB) copied, 4.4936e-05 s, 45.6 MB/s
1+0 records in
1+0 records out
2097152 bytes (2.1 MB, 2.0 MiB) copied, 0.0055189 s, 380 MB/s
1+0 records in
1+0 records out
2048 bytes (2.0 kB, 2.0 KiB) copied, 2.5107e-05 s, 81.6 MB/s
1+0 records in
1+0 records out
2097152 bytes (2.1 MB, 2.0 MiB) copied, 0.00599603 s, 350 MB/s
1+0 records in
1+0 records out
2048 bytes (2.0 kB, 2.0 KiB) copied, 4.4355e-05 s, 46.2 MB/s
1+0 records in
1+0 records out
2097152 bytes (2.1 MB, 2.0 MiB) copied, 0.00537711 s, 390 MB/s
1+0 records in
1+0 records out
2048 bytes (2.0 kB, 2.0 KiB) copied, 6.0498e-05 s, 33.9 MB/s
1+0 records in
1+0 records out
2097152 bytes (2.1 MB, 2.0 MiB) copied, 0.00528473 s, 397 MB/s
1+0 records in
1+0 records out
2048 bytes (2.0 kB, 2.0 KiB) copied, 2.4426e-05 s, 83.8 MB/s
1+0 records in
1+0 records out
2097152 bytes (2.1 MB, 2.0 MiB) copied, 0.0072825 s, 288 MB/s
1+0 records in
1+0 records out
2048 bytes (2.0 kB, 2.0 KiB) copied, 2.6579e-05 s, 77.1 MB/s
1+0 records in
1+0 records out
2097152 bytes (2.1 MB, 2.0 MiB) copied, 0.00643955 s, 326 MB/s
1+0 records in
1+0 records out
2048 bytes (2.0 kB, 2.0 KiB) copied, 5.7314e-05 s, 35.7 MB/s
1+0 records in
1+0 records out
2097152 bytes (2.1 MB, 2.0 MiB) copied, 0.00609453 s, 344 MB/s
1+0 records in
1+0 records out
2048 bytes (2.0 kB, 2.0 KiB) copied, 3.8436e-05 s, 53.3 MB/s
1+0 records in
1+0 records out
2097152 bytes (2.1 MB, 2.0 MiB) copied, 0.00535898 s, 391 MB/s
1+0 records in
1+0 records out
2048 bytes (2.0 kB, 2.0 KiB) copied, 3.5933e-05 s, 57.0 MB/s
1+0 records in
1+0 records out
2097152 bytes (2.1 MB, 2.0 MiB) copied, 0.00553979 s, 379 MB/s
1+0 records in
1+0 records out
2048 bytes (2.0 kB, 2.0 KiB) copied, 3.8115e-05 s, 53.7 MB/s
1+0 records in
1+0 records out
2097152 bytes (2.1 MB, 2.0 MiB) copied, 0.00672218 s, 312 MB/s
1+0 records in
1+0 records out
2048 bytes (2.0 kB, 2.0 KiB) copied, 3.7314e-05 s, 54.9 MB/s
1+0 records in
1+0 records out
2097152 bytes (2.1 MB, 2.0 MiB) copied, 0.00525927 s, 399 MB/s
1+0 records in
1+0 records out
2048 bytes (2.0 kB, 2.0 KiB) copied, 2.3635e-05 s, 86.7 MB/s
1+0 records in
1+0 records out
2097152 bytes (2.1 MB, 2.0 MiB) copied, 0.00585861 s, 358 MB/s
1+0 records in
1+0 records out
2048 bytes (2.0 kB, 2.0 KiB) copied, 2.3425e-05 s, 87.4 MB/s
1+0 records in
1+0 records out
2097152 bytes (2.1 MB, 2.0 MiB) copied, 0.00579515 s, 362 MB/s
1+0 records in
1+0 records out
2048 bytes (2.0 kB, 2.0 KiB) copied, 3.7786e-05 s, 54.2 MB/s
1+0 records in
1+0 records out
2097152 bytes (2.1 MB, 2.0 MiB) copied, 0.00567628 s, 369 MB/s
1+0 records in
1+0 records out
2048 bytes (2.0 kB, 2.0 KiB) copied, 2.4666e-05 s, 83.0 MB/s
1+0 records in
1+0 records out
2097152 bytes (2.1 MB, 2.0 MiB) copied, 0.00574501 s, 365 MB/s
1+0 records in
1+0 records out
2048 bytes (2.0 kB, 2.0 KiB) copied, 2.5007e-05 s, 81.9 MB/s
1+0 records in
1+0 records out
2097152 bytes (2.1 MB, 2.0 MiB) copied, 0.00540861 s, 388 MB/s
1+0 records in
1+0 records out
2048 bytes (2.0 kB, 2.0 KiB) copied, 4.049e-05 s, 50.6 MB/s
1+0 records in
1+0 records out
2097152 bytes (2.1 MB, 2.0 MiB) copied, 0.00674297 s, 311 MB/s
1+0 records in
1+0 records out
2048 bytes (2.0 kB, 2.0 KiB) copied, 3.4831e-05 s, 58.8 MB/s
1+0 records in
1+0 records out
2097152 bytes (2.1 MB, 2.0 MiB) copied, 0.00768245 s, 273 MB/s
1+0 records in
1+0 records out
2048 bytes (2.0 kB, 2.0 KiB) copied, 3.8756e-05 s, 52.8 MB/s
1+0 records in
1+0 records out
2097152 bytes (2.1 MB, 2.0 MiB) copied, 0.00717571 s, 292 MB/s
1+0 records in
1+0 records out
2048 bytes (2.0 kB, 2.0 KiB) copied, 3.2578e-05 s, 62.9 MB/s
1+0 records in
1+0 records out
2097152 bytes (2.1 MB, 2.0 MiB) copied, 0.00606295 s, 346 MB/s
1+0 records in
1+0 records out
2048 bytes (2.0 kB, 2.0 KiB) copied, 3.8806e-05 s, 52.8 MB/s
1+0 records in
1+0 records out
2097152 bytes (2.1 MB, 2.0 MiB) copied, 0.00606857 s, 346 MB/s
1+0 records in
1+0 records out
2048 bytes (2.0 kB, 2.0 KiB) copied, 3.7765e-05 s, 54.2 MB/s
1+0 records in
1+0 records out
2097152 bytes (2.1 MB, 2.0 MiB) copied, 0.00632248 s, 332 MB/s
1+0 records in
1+0 records out
2048 bytes (2.0 kB, 2.0 KiB) copied, 4.053e-05 s, 50.5 MB/s
1+0 records in
1+0 records out
2097152 bytes (2.1 MB, 2.0 MiB) copied, 0.00616131 s, 340 MB/s
1+0 records in
1+0 records out
2048 bytes (2.0 kB, 2.0 KiB) copied, 4.3384e-05 s, 47.2 MB/s
1+0 records in
1+0 records out
2097152 bytes (2.1 MB, 2.0 MiB) copied, 0.00716237 s, 293 MB/s
1+0 records in
1+0 records out
2048 bytes (2.0 kB, 2.0 KiB) copied, 5.2947e-05 s, 38.7 MB/s
1+0 records in
1+0 records out
2097152 bytes (2.1 MB, 2.0 MiB) copied, 0.00579574 s, 362 MB/s
1+0 records in
1+0 records out
2048 bytes (2.0 kB, 2.0 KiB) copied, 9.3918e-05 s, 21.8 MB/s
1+0 records in
1+0 records out
2097152 bytes (2.1 MB, 2.0 MiB) copied, 0.00536678 s, 391 MB/s
1+0 records in
1+0 records out
2048 bytes (2.0 kB, 2.0 KiB) copied, 4.5397e-05 s, 45.1 MB/s
1+0 records in
1+0 records out
2097152 bytes (2.1 MB, 2.0 MiB) copied, 0.00448972 s, 467 MB/s
1+0 records in
1+0 records out
2048 bytes (2.0 kB, 2.0 KiB) copied, 5.3058e-05 s, 38.6 MB/s
1+0 records in
1+0 records out
2097152 bytes (2.1 MB, 2.0 MiB) copied, 0.00504686 s, 416 MB/s
1+0 records in
1+0 records out
2048 bytes (2.0 kB, 2.0 KiB) copied, 6.0629e-05 s, 33.8 MB/s
1+0 records in
1+0 records out
2097152 bytes (2.1 MB, 2.0 MiB) copied, 0.00555527 s, 378 MB/s
1+0 records in
1+0 records out
2048 bytes (2.0 kB, 2.0 KiB) copied, 3.0324e-05 s, 67.5 MB/s
1+0 records in
1+0 records out
2097152 bytes (2.1 MB, 2.0 MiB) copied, 0.00625655 s, 335 MB/s
1+0 records in
1+0 records out
2048 bytes (2.0 kB, 2.0 KiB) copied, 4.1201e-05 s, 49.7 MB/s
1+0 records in
1+0 records out
2097152 bytes (2.1 MB, 2.0 MiB) copied, 0.0050528 s, 415 MB/s
1+0 records in
1+0 records out
2048 bytes (2.0 kB, 2.0 KiB) copied, 2.9854e-05 s, 68.6 MB/s
1+0 records in
1+0 records out
2097152 bytes (2.1 MB, 2.0 MiB) copied, 0.007601 s, 276 MB/s
1+0 records in
1+0 records out
2048 bytes (2.0 kB, 2.0 KiB) copied, 2.064e-05 s, 99.2 MB/s
1+0 records in
1+0 records out
2097152 bytes (2.1 MB, 2.0 MiB) copied, 0.00667366 s, 314 MB/s
1+0 records in
1+0 records out
2048 bytes (2.0 kB, 2.0 KiB) copied, 2.6399e-05 s, 77.6 MB/s
1+0 records in
1+0 records out
2097152 bytes (2.1 MB, 2.0 MiB) copied, 0.0043268 s, 485 MB/s
1+0 records in
1+0 records out
2048 bytes (2.0 kB, 2.0 KiB) copied, 4.9753e-05 s, 41.2 MB/s
1+0 records in
1+0 records out
2097152 bytes (2.1 MB, 2.0 MiB) copied, 0.00404077 s, 519 MB/s
1+0 records in
1+0 records out
2048 bytes (2.0 kB, 2.0 KiB) copied, 2.8171e-05 s, 72.7 MB/s
1+0 records in
1+0 records out
2097152 bytes (2.1 MB, 2.0 MiB) copied, 0.0042581 s, 493 MB/s
1+0 records in
1+0 records out
2048 bytes (2.0 kB, 2.0 KiB) copied, 5.7664e-05 s, 35.5 MB/s
1+0 records in
1+0 records out
2097152 bytes (2.1 MB, 2.0 MiB) copied, 0.0031573 s, 664 MB/s
1+0 records in
1+0 records out
2048 bytes (2.0 kB, 2.0 KiB) copied, 1.6735e-05 s, 122 MB/s
1+0 records in
1+0 records out
2097152 bytes (2.1 MB, 2.0 MiB) copied, 0.00302172 s, 694 MB/s
1+0 records in
1+0 records out
2048 bytes (2.0 kB, 2.0 KiB) copied, 3.6814e-05 s, 55.6 MB/s
1+0 records in
1+0 records out
2097152 bytes (2.1 MB, 2.0 MiB) copied, 0.00710966 s, 295 MB/s
1+0 records in
1+0 records out
2048 bytes (2.0 kB, 2.0 KiB) copied, 3.5372e-05 s, 57.9 MB/s
1+0 records in
1+0 records out
2097152 bytes (2.1 MB, 2.0 MiB) copied, 0.00357385 s, 587 MB/s
1+0 records in
1+0 records out
2048 bytes (2.0 kB, 2.0 KiB) copied, 5.4821e-05 s, 37.4 MB/s
1+0 records in
1+0 records out
2097152 bytes (2.1 MB, 2.0 MiB) copied, 0.00356929 s, 588 MB/s
1+0 records in
1+0 records out
2048 bytes (2.0 kB, 2.0 KiB) copied, 3.6814e-05 s, 55.6 MB/s
1+0 records in
1+0 records out
2097152 bytes (2.1 MB, 2.0 MiB) copied, 0.00500324 s, 419 MB/s
1+0 records in
1+0 records out
2048 bytes (2.0 kB, 2.0 KiB) copied, 1.5934e-05 s, 129 MB/s
1+0 records in
1+0 records out
2097152 bytes (2.1 MB, 2.0 MiB) copied, 0.00498943 s, 420 MB/s
1+0 records in
1+0 records out
2048 bytes (2.0 kB, 2.0 KiB) copied, 3.7665e-05 s, 54.4 MB/s
1+0 records in
1+0 records out
2097152 bytes (2.1 MB, 2.0 MiB) copied, 0.00433195 s, 484 MB/s
1+0 records in
1+0 records out
2048 bytes (2.0 kB, 2.0 KiB) copied, 1.8086e-05 s, 113 MB/s
1+0 records in
1+0 records out
2097152 bytes (2.1 MB, 2.0 MiB) copied, 0.00536252 s, 391 MB/s
1+0 records in
1+0 records out
2048 bytes (2.0 kB, 2.0 KiB) copied, 4.5627e-05 s, 44.9 MB/s
1+0 records in
1+0 records out
2097152 bytes (2.1 MB, 2.0 MiB) copied, 0.00462181 s, 454 MB/s
=== Enter test 1 ===
=== Exit test 1 ===
=== Enter test 2 ===
=== Exit test 2 ===
=== Enter test 3 ===
=== Exit test 3 ===
=== Enter test 4 ===
=== Exit test 4 ===
=== Enter test 5 ===
=== Exit test 5 ===
=== Enter test 6 ===
=== Exit test 6 ===
=== Enter test 7 ===
=== Exit test 7 ===
=== Enter test 8 ===
./_test/run_test.sh: line 141: kill: (20832) - No such process
=== Exit test 8 ===
=== Enter test 9 ===
./_test/run_test.sh: line 141: kill: (20884) - No such process
=== Exit test 9 ===
=== Enter test 10 ===
=== Exit test 10 ===
=== Enter test 11 ===
=== Exit test 11 ===
=== Enter test 12 ===
=== Exit test 12 ===
=== Enter test 13 ===
=== Exit test 13 ===
=== Enter test 14 ===
=== Exit test 14 ===
=== Enter test 15 ===
=== Exit test 15 ===
=== Enter test 16 ===
=== Exit test 16 ===
=== Enter test 17 ===
=== Exit test 17 ===
=== Enter test 18 ===
=== Exit test 18 ===
=== Enter test 19 ===
=== Exit test 19 ===
=== Enter test 20 ===
=== Exit test 20 ===
=== Enter test 21 ===
=== Exit test 21 ===
=== Enter test 22 ===
=== Exit test 22 ===
=== Enter test 23 ===
=== Exit test 23 ===
=== Enter test 24 ===
=== Exit test 24 ===
=== Enter test 25 ===
=== Exit test 25 ===
=== Enter test 26 ===
=== Exit test 26 ===
=== Enter test 27 ===
